Staging target проверен; commit=39bc82171114
.......................................................... [  3%]
................................................. [  6%]
....................................... [  9%]
.............................................................. [ 13%]
............................................................................................................ [ 20%]
..................... [ 21%]
...................................................... [ 24%]
..... [ 25%]
................................................................... [ 29%]
....................................................................s.............. [ 34%]
................................................................................................. [ 40%]
........................................................s........................................................................................ [ 50%]
................................................................ [ 54%]
.......................................................................... [ 58%]
...................................................... [ 62%]
......................................................................................................................................... [ 71%]
.................................................................... [ 75%]
..................................................... [ 78%]
................................................................................................................................... [ 87%]
.................................................................. [ 91%]
........................................................... [ 95%]
..............................................................................                                       [100%]
1570 passed, 2 skipped, 3646 subtests passed in 1004.99s (0:16:44)
Verified upload package: 674 files / 16136845 bytes
Indexing...
Uploading...
  Deployment: https://railway.com/project/14282646-e318-4b80-b35d-4369270de255/service/45e46f2a-dba3-4b18-bc5f-b6fafa260055?id=5211c9f8-6a2f-4834-9aa6-88706a4a34a7
warning: Config as Code (railway.json / railway.toml) is deprecated. Prefer Infrastructure as Code (.railway/railway.ts). Run `railway config migrate` or see https://docs.railway.com/infrastructure-as-code#migrating-from-config-as-code
  → Migrate: `railway config migrate` — https://docs.railway.com/infrastructure-as-code#migrating-from-config-as-code
  Existing files keep working until 2026-12-01.
Staging deployment 5211c9f8-6a2f-4834-9aa6-88706a4a34a7: BUILDING
Staging deployment 5211c9f8-6a2f-4834-9aa6-88706a4a34a7: DEPLOYING
Staging deployment 5211c9f8-6a2f-4834-9aa6-88706a4a34a7: SUCCESS
Staging deploy подтверждён: 5211c9f8-6a2f-4834-9aa6-88706a4a34a7
