Staging target проверен; commit=3a0a58569116
.......................................................... [  3%]
................................................. [  6%]
....................................... [  9%]
.............................................................. [ 13%]
............................................................................................................ [ 20%]
..................... [ 21%]
...................................................... [ 24%]
..... [ 25%]
................................................................... [ 29%]
....................................................................s.............. [ 34%]
................................................................................................. [ 40%]
........................................................s........................................................................................ [ 50%]
................................................................ [ 54%]
.......................................................................... [ 58%]
...................................................... [ 62%]
......................................................................................................................................... [ 71%]
.................................................................... [ 75%]
..................................................... [ 78%]
................................................................................................................................... [ 87%]
.................................................................. [ 91%]
........................................................... [ 95%]
...........F..................................................................                                       [100%]
================================== FAILURES ===================================
_____ TariffCopyTests.test_entry_labels_and_product_cta_keep_exact_prices _____

self = <test_telegram_tariff_copy.TariffCopyTests testMethod=test_entry_labels_and_product_cta_keep_exact_prices>

    async def test_entry_labels_and_product_cta_keep_exact_prices(self):
        db=Database(':memory:');await db.connect();self.addAsyncCleanup(db.close)
        state=FSMContext(MemoryStorage(),StorageKey(bot_id=999,chat_id=101,user_id=101))
        msg=message();cb=SimpleNamespace(message=msg,from_user=msg.from_user,answer=AsyncMock(),data='menu:plus')
>       self.assertEqual(next(b.text for row in more_keyboard().inline_keyboard for b in row if b.callback_data=='menu:plus'),'Тариф')
E       AssertionError: '⭐ Тариф' != 'Тариф'
E       - ⭐ Тариф
E       ? --
E       + Тариф

tests\test_telegram_tariff_copy.py:21: AssertionError
=========================== short test summary info ===========================
FAILED tests/test_telegram_tariff_copy.py::TariffCopyTests::test_entry_labels_and_product_cta_keep_exact_prices
1 failed, 1569 passed, 2 skipped, 3646 subtests passed in 1108.95s (0:18:28)
Полный suite не прошёл; deploy отменён
