F                                                                        [100%]
================================== FAILURES ===================================
_ MiniAppStreamerConnectTests.test_older_client_deep_link_and_chat_shared_use_same_intent _

self = <test_mini_app_streamer_connect.MiniAppStreamerConnectTests testMethod=test_older_client_deep_link_and_chat_shared_use_same_intent>

    async def test_older_client_deep_link_and_chat_shared_use_same_intent(self):
        from bot.handlers.streams import cmd_start_link
        from bot.handlers.auth import on_streamer_community_shared
        async with self.request("/app/api/streamer/community-intent", chat_type="channel") as response:
            intent_id = (await response.json())["intent_id"]
        row = await self.db.get_community_intent(intent_id)
        message = SimpleNamespace(
            chat=SimpleNamespace(id=101, type=ChatType.PRIVATE),
            from_user=SimpleNamespace(id=101), bot=self.bot,
            answer=AsyncMock(), answer_photo=AsyncMock(),
        )
        await cmd_start_link(
            message, SimpleNamespace(args=f"tscommunity_{intent_id}"),
            FSMContext(MemoryStorage(),StorageKey(bot_id=999,chat_id=101,user_id=101)), self.db, None,
        )
        keyboard = message.answer.await_args.kwargs["reply_markup"]
        self.assertEqual(keyboard.keyboard[0][0].request_chat.request_id, row[2])
        message.chat_shared = SimpleNamespace(request_id=row[2], chat_id=-1001)
        await on_streamer_community_shared(message, self.db)
        self.assertEqual(len(await self.db.list_streamer_communities(101)), 1)
        self.assertEqual((await self.db.get_community_intent(intent_id))[6], "connected")
        before = message.answer.await_count
        await on_streamer_community_shared(message, self.db)
>       self.assertEqual(message.answer.await_count, before)
E       AssertionError: 4 != 3

tests\test_mini_app_streamer_connect.py:168: AssertionError
=========================== short test summary info ===========================
FAILED tests/test_mini_app_streamer_connect.py::MiniAppStreamerConnectTests::test_older_client_deep_link_and_chat_shared_use_same_intent
1 failed in 3.93s
