F                                                                        [100%]
================================== FAILURES ===================================
_ MenuRecoveryTests.test_menu_handler_cancels_before_waiting_for_inflight_selector_delivery _

fut = <coroutine object Event.wait at 0x0000022EA4262DC0>, timeout = 2

    async def wait_for(fut, timeout):
        """Wait for the single Future or coroutine to complete, with timeout.
    
        Coroutine will be wrapped in Task.
    
        Returns result of the Future or coroutine.  When a timeout occurs,
        it cancels the task and raises TimeoutError.  To avoid the task
        cancellation, wrap it in shield().
    
        If the wait is cancelled, the task is also cancelled.
    
        If the task suppresses the cancellation and returns a value instead,
        that value is returned.
    
        This function is a coroutine.
        """
        # The special case for timeout <= 0 is for the following case:
        #
        # async def test_waitfor():
        #     func_started = False
        #
        #     async def func():
        #         nonlocal func_started
        #         func_started = True
        #
        #     try:
        #         await asyncio.wait_for(func(), 0)
        #     except asyncio.TimeoutError:
        #         assert not func_started
        #     else:
        #         assert False
        #
        # asyncio.run(test_waitfor())
    
    
        if timeout is not None and timeout <= 0:
            fut = ensure_future(fut)
    
            if fut.done():
                return fut.result()
    
            await _cancel_and_wait(fut)
            try:
                return fut.result()
            except exceptions.CancelledError as exc:
                raise TimeoutError from exc
    
        async with timeouts.timeout(timeout):
>           return await fut
                   ^^^^^^^^^

..\..\..\AppData\Local\Programs\Python\Python312\Lib\asyncio\tasks.py:520: 
_ _ _ _ _ _ _ _ _ _ _ _ _ _ _ _ _ _ _ _ _ _ _ _ _ _ _ _ _ _ _ _ _ _ _ _ _ _ _ _

self = <asyncio.locks.Event object at 0x0000022EA26BDBE0 [set]>

    async def wait(self):
        """Block until the internal flag is true.
    
        If the internal flag is true on entry, return True
        immediately.  Otherwise, block until another coroutine calls
        set() to set the flag to true, then return True.
        """
        if self._value:
            return True
    
        fut = self._get_loop().create_future()
        self._waiters.append(fut)
        try:
>           await fut
E           asyncio.exceptions.CancelledError

..\..\..\AppData\Local\Programs\Python\Python312\Lib\asyncio\locks.py:212: CancelledError

The above exception was the direct cause of the following exception:

self = <test_telegram_menu_recovery.MenuRecoveryTests testMethod=test_menu_handler_cancels_before_waiting_for_inflight_selector_delivery>

    async def test_menu_handler_cancels_before_waiting_for_inflight_selector_delivery(self):
        await cmd_start(self.message,self.state,self.db,CONFIG)
        entered=asyncio.Event(); release=asyncio.Event(); cancelled=asyncio.Event()
        original=self.transport.make_request; original_cancel=self.db.cancel_community_intent
        async def hold_selector(bot,method,timeout=None):
            keyboard=getattr(method,'reply_markup',None)
            if isinstance(keyboard,ReplyKeyboardMarkup) and keyboard.keyboard[0][0].request_chat:
                entered.set(); await release.wait()
            return await original(bot,method,timeout)
        async def cancel_intent(*args):
            result=await original_cancel(*args); cancelled.set(); return result
        async def menu_handler(event,data): await on_menu(event,self.state,self.db,CONFIG)
        with patch.object(self.transport,'make_request',new=hold_selector), \
             patch.object(self.db,'cancel_community_intent',new=cancel_intent):
            row=await self.pending()
            selector=asyncio.create_task(show_channel_selector(self.message,self.state,row,self.db))
            await asyncio.wait_for(entered.wait(),2)
            menu=asyncio.create_task(ErrorGuardMiddleware()(menu_handler,self.message,{'state':self.state}))
            try:
>               await asyncio.wait_for(cancelled.wait(),2)

tests\test_telegram_menu_recovery.py:145: 
_ _ _ _ _ _ _ _ _ _ _ _ _ _ _ _ _ _ _ _ _ _ _ _ _ _ _ _ _ _ _ _ _ _ _ _ _ _ _ _
..\..\..\AppData\Local\Programs\Python\Python312\Lib\asyncio\tasks.py:519: in wait_for
    async with timeouts.timeout(timeout):
               ^^^^^^^^^^^^^^^^^^^^^^^^^
_ _ _ _ _ _ _ _ _ _ _ _ _ _ _ _ _ _ _ _ _ _ _ _ _ _ _ _ _ _ _ _ _ _ _ _ _ _ _ _

self = <Timeout [expired]>
exc_type = <class 'asyncio.exceptions.CancelledError'>
exc_val = CancelledError(), exc_tb = <traceback object at 0x0000022EA428F500>

    async def __aexit__(
        self,
        exc_type: Optional[Type[BaseException]],
        exc_val: Optional[BaseException],
        exc_tb: Optional[TracebackType],
    ) -> Optional[bool]:
        assert self._state in (_State.ENTERED, _State.EXPIRING)
    
        if self._timeout_handler is not None:
            self._timeout_handler.cancel()
            self._timeout_handler = None
    
        if self._state is _State.EXPIRING:
            self._state = _State.EXPIRED
    
            if self._task.uncancel() <= self._cancelling and exc_type is exceptions.CancelledError:
                # Since there are no new cancel requests, we're
                # handling this.
>               raise TimeoutError from exc_val
E               TimeoutError

..\..\..\AppData\Local\Programs\Python\Python312\Lib\asyncio\timeouts.py:115: TimeoutError
=========================== short test summary info ===========================
FAILED tests/test_telegram_menu_recovery.py::MenuRecoveryTests::test_menu_handler_cancels_before_waiting_for_inflight_selector_delivery
1 failed, 15 deselected in 5.71s
