
=================================== ERRORS ====================================
_____________ ERROR collecting tests/test_payment_lifecycle_v3.py _____________
ImportError while importing test module 'C:\Users\yusha\Desktop\cloude\TG-BOT.(TwtichSignal)\tests\test_payment_lifecycle_v3.py'.
Hint: make sure your test modules/packages have valid Python names.
Traceback:
..\..\..\AppData\Local\Programs\Python\Python312\Lib\importlib\__init__.py:90: in import_module
    return _bootstrap._gcd_import(name[level:], package, level)
           ^^^^^^^^^^^^^^^^^^^^^^^^^^^^^^^^^^^^^^^^^^^^^^^^^^^^
tests\test_payment_lifecycle_v3.py:11: in <module>
    from bot.billing_models import AccessPeriodPolicy, BillingSubject, Money, PaymentAttempt, ServerOrderSnapshot, VerifiedPaymentEvidence
E   ImportError: cannot import name 'AccessPeriodPolicy' from 'bot.billing_models' (C:\Users\yusha\Desktop\cloude\TG-BOT.(TwtichSignal)\bot\billing_models.py)
_______________ ERROR collecting tests/test_platega_callback.py _______________
ImportError while importing test module 'C:\Users\yusha\Desktop\cloude\TG-BOT.(TwtichSignal)\tests\test_platega_callback.py'.
Hint: make sure your test modules/packages have valid Python names.
Traceback:
..\..\..\AppData\Local\Programs\Python\Python312\Lib\importlib\__init__.py:90: in import_module
    return _bootstrap._gcd_import(name[level:], package, level)
           ^^^^^^^^^^^^^^^^^^^^^^^^^^^^^^^^^^^^^^^^^^^^^^^^^^^^
tests\test_platega_callback.py:9: in <module>
    from bot.payment_web import install_payment_routes
E   ModuleNotFoundError: No module named 'bot.payment_web'
=========================== short test summary info ===========================
ERROR tests/test_payment_lifecycle_v3.py
ERROR tests/test_platega_callback.py
!!!!!!!!!!!!!!!!!!! Interrupted: 2 errors during collection !!!!!!!!!!!!!!!!!!!
2 errors in 0.55s
