................................ [  8%]
...................................................................... [ 25%]
................................................................. [ 42%]
........................................................................ [ 60%]
F......................................F................................................................................. [ 91%]
.................................                                        [100%]
================================== FAILURES ===================================
____ TestIsolationTests.test_test_suite_never_constructs_real_aiogram_bot _____

self = <test_regressions.TestIsolationTests testMethod=test_test_suite_never_constructs_real_aiogram_bot>

    def test_test_suite_never_constructs_real_aiogram_bot(self) -> None:
        tests_root = Path(__file__).resolve().parent
        for test_path in tests_root.glob("test*.py"):
            source = test_path.read_text(encoding="utf-8")
>           self.assertNotIn(
                "Bot" + "(",
                source,
                f"{test_path.name} must use a fake/mock bot, not aiogram.Bot",
            )
E           AssertionError: 'Bot(' unexpectedly found in '"""Stars contracts: explicit fake XTR fixture; no Telegram invoice or money."""\n\nimport asyncio\nimport tempfile\nimport time\nimport unittest\nfrom dataclasses import replace\nfrom datetime import datetime, timezone\nfrom pathlib import Path\nfrom types import SimpleNamespace\nfrom unittest.mock import AsyncMock, patch\n\nfrom aiogram import Bot, Dispatcher\nfrom aiogram.types import Chat, Message, PreCheckoutQuery, RefundedPayment, SuccessfulPayment, Update, User\nfrom aiogram.client.session.base import BaseSession\n\nfrom bot.billing import BillingService\nfrom bot.billing_models import AccessPeriodPolicy, Money\nfrom bot.billing_provider import PaymentVerificationError\nfrom bot.config import first_release_payment_policy\nfrom bot.database import Database\nfrom bot.handlers.payments import build_payment_router, on_precheckout, on_successful_payment, on_refunded_payment\nfrom bot.plan_catalog import BillingRuntimePolicy, get_product\nfrom bot.middlewares import ThrottleMiddleware\nfrom bot.stars_provider import TelegramStarsProvider\n\n\nPERIOD = AccessPeriodPolicy("30_days", "stars-fixture-v1")\nPOLICY = BillingRuntimePolicy("sandbox", True, False, True, True, True)\n\n\ndef fixture_product(product_id):\n    # This is deliberately not an approved catalog price or period.\n    return replace(get_product(product_id), xtr=Money(17, "XTR"),\n                   period_rule=PERIOD.rule, period_rule_version=PERIOD.version)\n\n\nclass FakeSender:\n    network_free = True\n    bot_id = 12345\n\n    def __init__(self):\n        self.invoices = []\n        self.refunds = []\n        self.error = None\n\n    async def send_invoice(self, **kwargs):\n        self.invoices.append(kwargs)\n        if self.error:\n            raise self.error\n        return SimpleNamespace(message_id=70)\n\n    async def refund_star_payment(self, **kwargs):\n        self.refunds.append(kwargs)\n        return True\n\n\nclass FakeSession(BaseSession):\n    def __init__(self):\n        super().__init__()\n        self.calls = []\n\n    async def close(self):\n        pass\n\n    async def make_request(self, bot, method, timeout=None):\n        self.calls.append(method)\n        return True\n\n    async def stream_content(self, *args, **kwargs):\n        if False:\n            yield b""\n\n\ndef payment_message(payload, *, buyer=101, chat_id=None, refund=False, charge="stars_charge_1", **changes):\n    values = dict(currency="XTR", total_amount=17, invoice_payload=payload,\n                  telegram_payment_charge_id=charge, provider_payment_charge_id="")\n    values.update(changes)\n    payment = RefundedPayment(**values) if refund else SuccessfulPayment(**values)\n    return Message(message_id=90, date=datetime.fromtimestamp(110, timezone.utc),\n        chat=Chat(id=buyer if chat_id is None else chat_id, type="private"),\n        from_user=User(id=buyer, is_bot=False, first_name="Покупатель"),\n        **{"refunded_payment" if refund else "successful_payment": payment})\n\n\nclass StarsContracts(unittest.IsolatedAsyncioTestCase):\n    async def asyncSetUp(self):\n        self.temp = tempfile.TemporaryDirectory()\n        self.addCleanup(self.temp.cleanup)\n        self.db = Database(str(Path(self.temp.name)/"stars.sqlite3"))\n        await self.db.connect()\n        self.addAsyncCleanup(self.db.close)\n        await self.db.link_streamer_identity(101, "11", "alpha", verified_at=50)\n        self.sender = FakeSender()\n        self.provider = TelegramStarsProvider(self.sender, POLICY)\n        self.service = self.make_service()\n        self.addAsyncCleanup(self.service.close)\n\n    def make_service(self, *, db=None, provider=None, policy=POLICY, catalog=fixture_product):\n        return BillingService(db or self.db, provider or self.provider, runtime_policy=policy,\n            access_policy=PERIOD, catalog=catalog, merchant_actor_ids=frozenset({999}), terms_version="fixture-terms-v1")\n\n    async def create(self, product="viewer_plus", key="stars-request-1"):\n        result = await self.service.prepare_payment(101, product, "stars", key, now=100)\n        self.assertEqual(result.state, "pending")\n        order = await self.db.get_billing_order(result.order_id)\n        attempt = await (await self.db.conn.execute("SELECT attempt_id FROM billing_payment_attempts WHERE order_id=?", (order.order_id,))).fetchone()\n        payload = self.provider.invoice_payload(order.order_id, attempt[0])\n        return order, payload\n\n    async def test_xtr_tbd_disabled_runtime_and_client_paid_cannot_send_invoice_or_grant(self):\n        for policy, catalog in ((first_release_payment_policy(), fixture_product), (POLICY, get_product)):\n            with self.subTest(policy=policy.mode, xtr=catalog("viewer_plus").xtr):\n                result = await self.make_service(policy=policy, catalog=catalog).prepare_payment(101, "viewer_plus", "stars", "disabled", now=100)\n                self.assertEqual(result.state, "unavailable")\n        self.assertEqual(self.sender.invoices, [])\n        self.assertEqual((await (await self.db.conn.execute("SELECT count(*) FROM billing_orders")).fetchone())[0], 0)\n        order, payload = await self.create()\n        for event in (SimpleNamespace(status="paid", invoice_payload=payload), {"invoiceClosed": "paid", "payload": payload}):\n            with self.subTest(event=type(event).__name__), self.assertRaises(PaymentVerificationError):\n                self.provider.successful_payment_to_evidence(event, order, now=110)\n        self.assertFalse(await self.db.has_viewer_plus(101, now=110))\n        with self.assertRaises(PaymentVerificationError):\n            TelegramStarsProvider(SimpleNamespace(network_free=False), POLICY).validate_precheckout(\n                PreCheckoutQuery(id="q", from_user=User(id=101,is_bot=False,first_name="A"), currency="XTR", total_amount=17, invoice_payload=payload), order, now=110)\n\n    async def test_invoice_is_single_xtr_nonrecurring_and_has_no_fake_charge_reference(self):\n        order, payload = await self.create()\n        invoice = self.sender.invoices[0]\n        self.assertEqual(invoice["currency"], "XTR")\n        self.assertEqual(invoice["provider_token"], "")\n        self.assertEqual(invoice["chat_id"], 101)\n        self.assertEqual(invoice["payload"], payload)\n        self.assertEqual(len(invoice["prices"]), 1)\n        self.assertEqual(invoice["prices"][0].amount, 17)\n        self.assertNotIn("subscription_period", invoice)\n        self.assertNotIn("provider_data", invoice)\n        self.assertTrue(invoice["start_parameter"])\n        self.assertIsNone(order.checkout_reference)\n        self.assertIsNone(order.checkout_url)\n        self.assertFalse(self.provider.can_reconcile)\n        self.assertFalse(hasattr(self.provider, "get_payment_status"))\n        await self.service.reconcile_due(now=110)\n        self.assertEqual(len(self.sender.invoices), 1)\n\n    async def test_precheckout_checks_buyer_payload_amount_currency_expiry_and_binding_without_grant(self):\n        order, payload = await self.create("streamer_plus")\n        query = PreCheckoutQuery(id="q",from_user=User(id=101,is_bot=False,first_name="A"),currency="XTR",total_amount=17,invoice_payload=payload)\n        self.assertTrue(self.provider.validate_precheckout(query, order, now=110).ok)\n        bad = (query.model_copy(update={"from_user": User(id=202,is_bot=False,first_name="B")}),\n               query.model_copy(update={"total_amount":18}), query.model_copy(update={"currency":"RUB"}),\n               query.model_copy(update={"invoice_payload":payload+"x"}), query.model_copy(update={"total_amount": True}))\n        for value in bad:\n            with self.subTest(value=value.model_dump()):\n                self.assertFalse(self.provider.validate_precheckout(value, order, now=110).ok)\n        for invalid_order in (replace(order, beneficiary_telegram_user_id=202), replace(order, broadcaster_id="22"), replace(order,status="paid")):\n            with self.subTest(order=invalid_order):\n                self.assertFalse(self.provider.validate_precheckout(query, invalid_order, now=110).ok)\n        self.assertFalse(self.provider.validate_precheckout(query, order, now=order.checkout_expires_at).ok)\n        self.assertFalse(await self.db.has_viewer_plus(101, now=110))\n\n    async def test_verified_stars_payment_is_buyer_scoped_unique_and_refund_tracked(self):\n        order, payload = await self.create("streamer_plus")\n        message = payment_message(payload)\n        evidence = self.provider.successful_payment_to_evidence(message, order, now=110)\n        first = await self.service.apply_payment_evidence(evidence, now=110)\n        self.assertEqual(first.state, "applied")\n        await self.service.apply_payment_evidence(evidence, now=999)\n        grant = await (await self.db.conn.execute("SELECT beneficiary_telegram_user_id,starts_at,expires_at FROM entitlement_grants WHERE grant_id=?", (first.grant_id,))).fetchone()\n        self.assertEqual(grant, (101, 110, 110+30*86400))\n        self.assertTrue(await self.db.has_viewer_plus(101, now=120))\n        self.assertFalse(await self.db.has_viewer_plus(202, now=120))\n        updated = await self.db.get_billing_order(order.order_id)\n        self.assertEqual(updated.checkout_reference, None)\n        with self.assertRaises(PermissionError):\n            await self.service.request_payment_refund(101, order.order_id, "refund-user", now=125)\n        accepted = await self.service.request_payment_refund(999, order.order_id, "refund-merchant", now=125)\n        self.assertEqual(accepted.state, "accepted")\n        self.assertEqual(self.sender.refunds, [{"user_id":101,"telegram_payment_charge_id":"stars_charge_1"}])\n        self.assertTrue(await self.db.has_viewer_plus(101, now=126))\n        refund = self.provider.refunded_payment_to_evidence(payment_message(payload,refund=True), updated, expected_charge="stars_charge_1", now=130)\n        await self.service.apply_payment_evidence(refund, now=130)\n        await self.service.apply_payment_evidence(evidence, now=135)\n        self.assertFalse(await self.db.has_viewer_plus(101, now=140))\n        self.assertEqual((await (await self.db.conn.execute("SELECT count(*) FROM entitlement_grants")).fetchone())[0],1)\n\n    async def test_wrong_success_or_refund_and_reused_charge_cannot_grant_or_revoke_other_order(self):\n        order, payload = await self.create()\n        for value in (payment_message(payload,buyer=202), payment_message(payload,chat_id=202),\n                      payment_message(payload,currency="RUB"),payment_message(payload,total_amount=18),\n                      payment_message(payload+"x"),payment_message(payload,is_recurring=True),\n                      payment_message(payload,subscription_expiration_date=999), payment_message(payload,charge="bad\\ncharge")):\n            with self.subTest(value=value.model_dump()), self.assertRaises(PaymentVerificationError):\n                self.provider.successful_payment_to_evidence(value, order, now=110)\n        evidence=self.provider.successful_payment_to_evidence(payment_message(payload), order, now=110)\n        await self.service.apply_payment_evidence(evidence,now=110)\n        for value in (payment_message(payload,refund=True,buyer=202),payment_message(payload,refund=True,charge="foreign")):\n            with self.subTest(value=value.model_dump()), self.assertRaises(PaymentVerificationError):\n                self.provider.refunded_payment_to_evidence(value,order,expected_charge="stars_charge_1",now=120)\n        await self.db.link_streamer_identity(202,"22","beta",verified_at=50)\n        other = await self.service.prepare_payment(202,"viewer_plus","stars","other-buyer",now=120)\n        other_order=await self.db.get_billing_order(other.order_id)\n        other_attempt=(await (await self.db.conn.execute("SELECT attempt_id FROM billing_payment_attempts WHERE order_id=?",(other.order_id,))).fetchone())[0]\n        foreign=self.provider.successful_payment_to_evidence(payment_message(self.provider.invoice_payload(other.order_id,other_attempt),buyer=202),other_order,now=130)\n        self.assertEqual((await self.service.apply_payment_evidence(foreign,now=130)).state,"manual_review")\n        self.assertFalse(await self.db.has_viewer_plus(202,now=140))\n        self.assertTrue(await self.db.has_viewer_plus(101,now=140))\n\n    async def test_unknown_invoice_is_not_resent_after_reopen_or_new_key(self):\n        self.sender.error=TimeoutError("no verified outcome")\n        result=await self.service.prepare_payment(101,"viewer_plus","stars","unknown",now=100)\n        self.assertEqual(result.state,"creation_unknown")\n        otherdb=Database(self.db._path)\n        await otherdb.connect()\n        self.addAsyncCleanup(otherdb.close)\n        reopened=self.make_service(db=otherdb)\n        replay=await reopened.prepare_payment(101,"viewer_plus","stars","unknown",now=101)\n        self.assertEqual(replay.order_id,result.order_id)\n        blocked=await reopened.prepare_payment(101,"viewer_plus","stars","new-key",now=101)\n        self.assertEqual(blocked.reason_code,"payment_in_progress")\n        self.assertEqual(len(self.sender.invoices),1)\n\n    async def test_handlers_answer_precheckout_bounded_and_use_common_apply_without_client_flags(self):\n        order,payload=await self.create()\n        session=FakeSession()\n        bot=Bot("12345:local-fixture-token",session=session)\n        self.addAsyncCleanup(bot.session.close)\n        query=PreCheckoutQuery(id="q",from_user=User(id=101,is_bot=False,first_name="A"),currency="XTR",total_amount=17,invoice_payload=payload)\n        start=time.monotonic()\n        await on_precheckout(query,self.service,bot,now=110)\n        self.assertLess(time.monotonic()-start,10)\n        self.assertTrue(session.calls[-1].ok)\n        self.assertFalse(await self.db.has_viewer_plus(101,now=110))\n        await on_successful_payment(payment_message(payload),self.service,now=110)\n        self.assertTrue(await self.db.has_viewer_plus(101,now=111))\n        await on_refunded_payment(payment_message(payload,refund=True),self.service,now=120)\n        self.assertFalse(await self.db.has_viewer_plus(101,now=121))\n        dp=Dispatcher()\n        dp.include_router(build_payment_router())\n        disabled=BillingService(self.db,runtime_policy=first_release_payment_policy())\n        await dp.feed_update(bot,Update(update_id=1,pre_checkout_query=query),billing_service=disabled)\n        self.assertFalse(session.calls[-1].ok)\n        self.assertFalse(await self.db.has_viewer_plus(101,now=121))\n        self.assertEqual(len(self.sender.invoices),1)\n\n    async def test_payment_updates_are_not_dropped_by_normal_action_throttle(self):\n        order,payload=await self.create()\n        throttle=ThrottleMiddleware()\n        delegate=AsyncMock()\n        user=User(id=101,is_bot=False,first_name="A")\n        ordinary=Message(message_id=1,date=datetime.now(timezone.utc),chat=Chat(id=101,type="private"),from_user=user,text="/start")\n        await throttle(delegate,ordinary,{"event_from_user":user})\n        await throttle(delegate,payment_message(payload),{"event_from_user":user})\n        await throttle(delegate,payment_message(payload,refund=True),{"event_from_user":user})\n        self.assertEqual(delegate.await_count,3)\n\n    async def test_credentials_and_environment_flags_cannot_enable_first_release_money(self):\n        with patch.dict("os.environ",{"PLATEGA_SECRET":"fixture", "STARS_ENABLED":"1", "BILLING_MODE":"sandbox"}):\n            self.assertEqual(first_release_payment_policy(),BillingRuntimePolicy())\n\n\nif __name__ == "__main__":\n    unittest.main()\n' : test_stars_provider.py must use a fake/mock bot, not aiogram.Bot

tests\test_regressions.py:5311: AssertionError
_________ ProductionHardeningTests.test_non_wal_filesystem_fails_fast _________

    async def _execute_mock_call(self, /, *args, **kwargs):
        # This is nearly just like super(), except for special handling
        # of coroutines

        _call = _Call((args, kwargs), two=True)
        self.await_count += 1
        self.await_args = _call
        self.await_args_list.append(_call)

        effect = self.side_effect
        if effect is not None:
            if _is_exception(effect):
                raise effect
            elif not _callable(effect):
                try:
>                   result = next(effect)
                             ^^^^^^^^^^^^
E                   StopIteration

..\..\..\AppData\Local\Programs\Python\Python312\Lib\unittest\mock.py:2294: StopIteration

During handling of the above exception, another exception occurred:

self = <test_regressions.ProductionHardeningTests testMethod=test_non_wal_filesystem_fails_fast>

    async def test_non_wal_filesystem_fails_fast(self) -> None:
        busy_cursor = SimpleNamespace()
        journal_cursor = SimpleNamespace(fetchone=AsyncMock(return_value=("delete",)))
        connection = SimpleNamespace(
            execute=AsyncMock(side_effect=[busy_cursor, journal_cursor]),
            close=AsyncMock(),
        )
        db = Database("ignored.db")
        with patch("bot.database.aiosqlite.connect", new=AsyncMock(return_value=connection)):
            with self.assertRaisesRegex(DatabaseConfigurationError, "WAL"):
>               await db.connect()

tests\test_regressions.py:6156:
_ _ _ _ _ _ _ _ _ _ _ _ _ _ _ _ _ _ _ _ _ _ _ _ _ _ _ _ _ _ _ _ _ _ _ _ _ _ _ _
bot\database.py:544: in connect
    journal_cursor = await self._conn.execute("PRAGMA journal_mode=WAL;")
                     ^^^^^^^^^^^^^^^^^^^^^^^^^^^^^^^^^^^^^^^^^^^^^^^^^^^^
_ _ _ _ _ _ _ _ _ _ _ _ _ _ _ _ _ _ _ _ _ _ _ _ _ _ _ _ _ _ _ _ _ _ _ _ _ _ _ _

    async def _execute_mock_call(self, /, *args, **kwargs):
        # This is nearly just like super(), except for special handling
        # of coroutines

        _call = _Call((args, kwargs), two=True)
        self.await_count += 1
        self.await_args = _call
        self.await_args_list.append(_call)

        effect = self.side_effect
        if effect is not None:
            if _is_exception(effect):
                raise effect
            elif not _callable(effect):
                try:
                    result = next(effect)
                except StopIteration:
                    # It is impossible to propagate a StopIteration
                    # through coroutines because of PEP 479
>                   raise StopAsyncIteration
E                   StopAsyncIteration

..\..\..\AppData\Local\Programs\Python\Python312\Lib\unittest\mock.py:2298: StopAsyncIteration
=========================== short test summary info ===========================
FAILED tests/test_regressions.py::TestIsolationTests::test_test_suite_never_constructs_real_aiogram_bot
FAILED tests/test_regressions.py::ProductionHardeningTests::test_non_wal_filesystem_fails_fast
2 failed, 391 passed, 144 subtests passed in 293.69s (0:04:53)
