FF. [100%]
================================== FAILURES ===================================
_____ MiniAppCopyTests.test_active_catalog_and_payment_message_are_exact ______

self = <test_mini_app_user_copy.MiniAppCopyTests testMethod=test_active_catalog_and_payment_message_are_exact>

    def test_active_catalog_and_payment_message_are_exact(self):
        catalog = catalog_payload()
>       self.assertEqual({row['id']:row['price_label'] for row in catalog['products']},
                          ^^^^^^^^^
                         {'viewer_plus':'150 ₽ / месяц','streamer_plus':'300 ₽ / месяц'})
E       KeyError: 'id'

tests\test_mini_app_user_copy.py:39: KeyError
____ MiniAppCopyTests.test_free_reports_and_old_bot_paths_remain_available ____

self = <test_mini_app_user_copy.MiniAppCopyTests testMethod=test_free_reports_and_old_bot_paths_remain_available>

    def test_free_reports_and_old_bot_paths_remain_available(self):
        from main import _private_bot_commands
        commands = {command.command for command in _private_bot_commands([],owner=False,growth_enabled=False)}
        self.assertTrue({'start','import_follows','auth_twitch','streamer_connect','myid','paysupport'} <= commands)
        self.assertNotIn('admin',commands)
        self.assertIn('admin',{command.command for command in _private_bot_commands([],owner=True)})
        profile=(ROOT/'bot/mini_app_ui/profile.js').read_text(encoding='utf-8')
        self.assertIn('Отчёты в боте',profile)
        self.assertIn("writeText('/report')",profile)
        self.assertNotIn('send_message',profile)
>       self.assertTrue((ROOT/'bot/report_html.py').is_file())
E       AssertionError: False is not true

tests\test_mini_app_user_copy.py:56: AssertionError
_ MiniAppCopyTests.test_normal_user_routes_have_no_prototype_copy_or_owner_payment_controls (document='USER-AGREEMENT.md') _

self = <test_mini_app_user_copy.MiniAppCopyTests testMethod=test_normal_user_routes_have_no_prototype_copy_or_owner_payment_controls>

    def test_normal_user_routes_have_no_prototype_copy_or_owner_payment_controls(self):
        paths = list((ROOT/'bot/mini_app_ui').glob('*.js'))
        paths += [ROOT/'bot/oauth_result.py', ROOT/'bot/legal_documents.py', ROOT/'bot/handlers/payments.py']
        for path in paths:
            source = path.read_text(encoding='utf-8')
            if path.suffix == '.py':
                strings = [node.value for node in ast.walk(ast.parse(source)) if isinstance(node,ast.Constant) and isinstance(node.value,str)]
            else:
                strings = [match[1] for match in re.findall(r"(['\"`])((?:\\.|(?!\1)[\s\S])*?)\1",source)]
            for value in strings:
                if not re.search('[А-Яа-яЁё]',value):
                    continue
                with self.subTest(path=path.name,text=value[:100]):
                    self.assertIsNone(FORBIDDEN.search(value))
        for path in (ROOT/'docs/legal').glob('*.md'):
            with self.subTest(document=path.name):
>               self.assertIsNone(FORBIDDEN.search(path.read_text(encoding='utf-8')))
E               AssertionError: <re.Match object; span=(4441, 4463), match='проверочного окружения'> is not None

tests\test_mini_app_user_copy.py:32: AssertionError
=========================== short test summary info ===========================
FAILED tests/test_mini_app_user_copy.py::MiniAppCopyTests::test_active_catalog_and_payment_message_are_exact
FAILED tests/test_mini_app_user_copy.py::MiniAppCopyTests::test_free_reports_and_old_bot_paths_remain_available
SUBFAILED(document='USER-AGREEMENT.md') tests/test_mini_app_user_copy.py::MiniAppCopyTests::test_normal_user_routes_have_no_prototype_copy_or_owner_payment_controls
3 failed, 1 passed, 628 subtests passed in 3.15s
