.......................................................... [  4%]
................................................. [  7%]
....................................... [ 10%]
.............................................................. [ 14%]
........................................................................................................... [ 22%]
............................................................................................... [ 29%]
........................................................... [ 33%]
............................. [ 35%]
...s.................................. [ 38%]
...................................................... [ 41%]
............................................................................s...................... [ 49%]
.............................................. [ 52%]
........................................................................ [ 57%]
........................................................................... [ 62%]
............................................... [ 66%]
...................................................................... [ 71%]
................................................................. [ 75%]
........................................................................ [ 80%]
....................................................... [ 84%]
.................................................................. [ 89%]
................................. [ 91%]
.................................................................................... [ 97%]
...............................                            [100%]
=========================== short test summary info ===========================
SKIPPED [1] tests\test_preview_analysis_concat.py:93: [WinError 1314] Клиент не обладает требуемыми правами: 'C:\\Users\\yusha\\AppData\\Local\\Temp\\tmpf9p8yt_3\\segment-000000001.ts' -> 'C:\\Users\\yusha\\AppData\\Local\\Temp\\tmpf9p8yt_3\\segment-000000002.ts'
SKIPPED [1] tests\test_preview_render_input.py:158: [WinError 1314] Клиент не обладает требуемыми правами: 'C:\\Users\\yusha\\AppData\\Local\\Temp\\tmp0bqbx3kg\\segment-000000001.ts' -> 'C:\\Users\\yusha\\AppData\\Local\\Temp\\tmp0bqbx3kg\\segment-000000002.ts'
1403 passed, 2 skipped, 3248 subtests passed in 903.06s (0:15:03)
