Staging target проверен; commit=52e56e9633a7
.......................................................... [  4%]
................................................. [  7%]
....................................... [ 10%]
.............................................................. [ 14%]
........................................................................................................... [ 22%]
............................................................................................... [ 29%]
........................................................... [ 33%]
............................. [ 35%]
...s.................................. [ 38%]
...................................................... [ 41%]
............................................................................s...................... [ 49%]
.............................................. [ 52%]
........................................................................ [ 57%]
........................................................................... [ 62%]
............................................... [ 66%]
...................................................................... [ 71%]
................................................................. [ 75%]
........................................................................ [ 80%]
....................................................... [ 84%]
.................................................................. [ 89%]
................................. [ 91%]
.................................................................................... [ 97%]
...............................                            [100%]
1403 passed, 2 skipped, 3248 subtests passed in 850.45s (0:14:10)
Indexing...
Uploading...
  Deployment: https://railway.com/project/14282646-e318-4b80-b35d-4369270de255/service/45e46f2a-dba3-4b18-bc5f-b6fafa260055?id=fba34520-f2a7-4d5d-aa86-1e8e3b0072b1
warning: Config as Code (railway.json / railway.toml) is deprecated. Prefer Infrastructure as Code (.railway/railway.ts). Run `railway config migrate` or see https://docs.railway.com/infrastructure-as-code#migrating-from-config-as-code
  → Migrate: `railway config migrate` — https://docs.railway.com/infrastructure-as-code#migrating-from-config-as-code
  Existing files keep working until 2026-12-01.
Staging deployment fba34520-f2a7-4d5d-aa86-1e8e3b0072b1: BUILDING
Staging deployment fba34520-f2a7-4d5d-aa86-1e8e3b0072b1: SUCCESS
Staging deploy подтверждён: fba34520-f2a7-4d5d-aa86-1e8e3b0072b1
