.FF                                                                      [100%]
================================== FAILURES ===================================
_ PrivateThumbnailLifecycleTests.test_telegram_channel_gets_photo_with_public_caption_when_video_unavailable _

self = <test_stream_thumbnail.PrivateThumbnailLifecycleTests testMethod=test_telegram_channel_gets_photo_with_public_caption_when_video_unavailable>

    async def test_telegram_channel_gets_photo_with_public_caption_when_video_unavailable(self) -> None:
        await self._track(-100123)
        await self.db.register_telegram_channel(-100123, "test")
        await self._poll(-100123, 1000.0, _stream())
>       self.assertEqual(await self._kind(-100123), "photo")
E       AssertionError: 'text' != 'photo'
E       - text
E       + photo

tests\test_stream_thumbnail.py:173: AssertionError
_ PrivateThumbnailLifecycleTests.test_telegram_channel_restores_unentitled_animation_without_waiting_bucket _

self = <test_stream_thumbnail.PrivateThumbnailLifecycleTests testMethod=test_telegram_channel_restores_unentitled_animation_without_waiting_bucket>

    async def test_telegram_channel_restores_unentitled_animation_without_waiting_bucket(self) -> None:
        await self._track(-100123)
        await self.db.register_telegram_channel(-100123, "test")
        await self._poll(-100123, 1000.0, _stream())
        await self.db.set_live_message_kind_if_current(
            -100123, "channel", "stream-1", 701, "animation", False,
        )
        self.bot.edit_message_media.reset_mock()
        await self._poll(-100123, 1001.0, _stream())
>       self.assertEqual(await self._kind(-100123), "photo")
E       AssertionError: 'animation' != 'photo'
E       - animation
E       + photo

tests\test_stream_thumbnail.py:197: AssertionError
=========================== short test summary info ===========================
FAILED tests/test_stream_thumbnail.py::PrivateThumbnailLifecycleTests::test_telegram_channel_gets_photo_with_public_caption_when_video_unavailable
FAILED tests/test_stream_thumbnail.py::PrivateThumbnailLifecycleTests::test_telegram_channel_restores_unentitled_animation_without_waiting_bucket
2 failed, 1 passed, 9 deselected in 5.56s
