Staging target проверен; commit=160703a1a669
.......................................................... [  3%]
................................................. [  7%]
....................................... [  9%]
.............................................................. [ 13%]
............................................................................................................ [ 20%]
..................... [ 22%]
...................................................... [ 25%]
..... [ 26%]
................................................................... [ 30%]
....................................................................s.............. [ 35%]
................................................................................................. [ 42%]
........................................................s........................................................................................ [ 51%]
................................................................ [ 56%]
.......................................................................... [ 60%]
...................................................... [ 64%]
......................................................................................................................................... [ 73%]
.................................................................... [ 78%]
..................................................... [ 81%]
................................................................................................................................... [ 90%]
.................................................................... [ 94%]
................................................... [ 97%]
...............................                            [100%]
1517 passed, 2 skipped, 3638 subtests passed in 1117.61s (0:18:37)
Verified upload package: 667 files / 12834328 bytes
Indexing...
Uploading...
  Deployment: https://railway.com/project/14282646-e318-4b80-b35d-4369270de255/service/45e46f2a-dba3-4b18-bc5f-b6fafa260055?id=ac62b912-b6bb-4633-899b-6afa1ffecfd4
warning: Config as Code (railway.json / railway.toml) is deprecated. Prefer Infrastructure as Code (.railway/railway.ts). Run `railway config migrate` or see https://docs.railway.com/infrastructure-as-code#migrating-from-config-as-code
  → Migrate: `railway config migrate` — https://docs.railway.com/infrastructure-as-code#migrating-from-config-as-code
  Existing files keep working until 2026-12-01.
Staging deployment ac62b912-b6bb-4633-899b-6afa1ffecfd4: BUILDING
Staging deployment ac62b912-b6bb-4633-899b-6afa1ffecfd4: DEPLOYING
Staging deployment ac62b912-b6bb-4633-899b-6afa1ffecfd4: SUCCESS
Staging deploy подтверждён: ac62b912-b6bb-4633-899b-6afa1ffecfd4
