F                                                                        [100%]
================================== FAILURES ===================================
_ QueuedLiveUpdateTests.test_channel_muted_during_photo_caption_does_not_apply_photo _

self = <test_notification_live_update.QueuedLiveUpdateTests testMethod=test_channel_muted_during_photo_caption_does_not_apply_photo>

    async def test_channel_muted_during_photo_caption_does_not_apply_photo(self):
        await self.db.remove_channel(101, "alpha")
        await self.db.add_channel(-100123, "alpha")
        await self.db.register_telegram_channel(-100123, "test")
        await self.db.set_live_state(-100123, "alpha", True, "s1", 701, "Before")
        self.stream.thumbnail_url = "https://example.test/{width}x{height}.jpg"
        await self.poll()
        job = await self.claim()
        real_content = self.poller._live_post_content
        calls = 0
    
        async def mute_during_photo(*args, **kwargs):
            nonlocal calls
            calls += 1
            content = await real_content(*args, **kwargs)
            if calls == 2:
                await self.db.set_notify_enabled(-100123, "alpha", False)
            return content
    
        self.poller._live_post_content = mute_during_photo
        await self.poller.send_queued_job(job)
        self.assertEqual(calls, 2)
>       self.bot.edit_message_media.assert_not_awaited()

tests\test_notification_live_update.py:171: 
_ _ _ _ _ _ _ _ _ _ _ _ _ _ _ _ _ _ _ _ _ _ _ _ _ _ _ _ _ _ _ _ _ _ _ _ _ _ _ _

self = <AsyncMock id='2044683238960'>

    def assert_not_awaited(self):
        """
        Assert that the mock was never awaited.
        """
        if self.await_count != 0:
            msg = (f"Expected {self._mock_name or 'mock'} to not have been awaited."
                   f" Awaited {self.await_count} times.")
>           raise AssertionError(msg)
E           AssertionError: Expected mock to not have been awaited. Awaited 1 times.

..\..\..\AppData\Local\Programs\Python\Python312\Lib\unittest\mock.py:2429: AssertionError
=========================== short test summary info ===========================
FAILED tests/test_notification_live_update.py::QueuedLiveUpdateTests::test_channel_muted_during_photo_caption_does_not_apply_photo
1 failed, 10 deselected in 3.88s
