.                                                                    [100%]
================================== FAILURES ===================================
_ JourneyCancellationTests.test_primary_entries_cancel_selector_and_restore_native_menu (route='menu:list') _

self = <test_telegram_journey_refinement.JourneyCancellationTests testMethod=test_primary_entries_cancel_selector_and_restore_native_menu>

    async def test_primary_entries_cancel_selector_and_restore_native_menu(self):
        from bot.handlers.streams import cb_menu_list, cb_menu_manage_group
        legacy = Router()
        legacy.callback_query.register(cb_menu_list, F.data == 'menu:list')
        legacy.callback_query.register(cb_menu_manage_group, F.data == 'menu:manage_group')
        self.dp.include_router(legacy)
        for route in ['menu:list','menu:help','menu:open_app','menu:manage_group']:
            with self.subTest(route=route):
                await self.db.conn.execute("UPDATE streamer_community_intents SET status='pending' WHERE intent_id=?", ('a'*32,))
                await self.db.conn.commit()
                await self.state.set_data({'telegram_community_intent': 'a'*32})
                update = self.update()
                update = update.model_copy(update={'callback_query': update.callback_query.model_copy(update={'data': route})})
                with (patch.object(Message, 'answer', new_callable=AsyncMock) as replies,
                      patch.object(Message, 'edit_text', new_callable=AsyncMock),
                      patch.object(CallbackQuery, 'answer', new_callable=AsyncMock)):
                    await self.dp.feed_update(self.bot, update, db=self.db, config=CONFIG)
>               self.assertEqual((await self.db.get_community_intent('a'*32))[6], 'cancelled')
E               AssertionError: 'pending' != 'cancelled'
E               - pending
E               + cancelled

tests\test_telegram_journey_refinement.py:86: AssertionError
_ JourneyCancellationTests.test_primary_entries_cancel_selector_and_restore_native_menu (route='menu:help') _

self = <test_telegram_journey_refinement.JourneyCancellationTests testMethod=test_primary_entries_cancel_selector_and_restore_native_menu>

    async def test_primary_entries_cancel_selector_and_restore_native_menu(self):
        from bot.handlers.streams import cb_menu_list, cb_menu_manage_group
        legacy = Router()
        legacy.callback_query.register(cb_menu_list, F.data == 'menu:list')
        legacy.callback_query.register(cb_menu_manage_group, F.data == 'menu:manage_group')
        self.dp.include_router(legacy)
        for route in ['menu:list','menu:help','menu:open_app','menu:manage_group']:
            with self.subTest(route=route):
                await self.db.conn.execute("UPDATE streamer_community_intents SET status='pending' WHERE intent_id=?", ('a'*32,))
                await self.db.conn.commit()
                await self.state.set_data({'telegram_community_intent': 'a'*32})
                update = self.update()
                update = update.model_copy(update={'callback_query': update.callback_query.model_copy(update={'data': route})})
                with (patch.object(Message, 'answer', new_callable=AsyncMock) as replies,
                      patch.object(Message, 'edit_text', new_callable=AsyncMock),
                      patch.object(CallbackQuery, 'answer', new_callable=AsyncMock)):
                    await self.dp.feed_update(self.bot, update, db=self.db, config=CONFIG)
>               self.assertEqual((await self.db.get_community_intent('a'*32))[6], 'cancelled')
E               AssertionError: 'pending' != 'cancelled'
E               - pending
E               + cancelled

tests\test_telegram_journey_refinement.py:86: AssertionError
_ JourneyCancellationTests.test_primary_entries_cancel_selector_and_restore_native_menu (route='menu:open_app') _

self = <test_telegram_journey_refinement.JourneyCancellationTests testMethod=test_primary_entries_cancel_selector_and_restore_native_menu>

    async def test_primary_entries_cancel_selector_and_restore_native_menu(self):
        from bot.handlers.streams import cb_menu_list, cb_menu_manage_group
        legacy = Router()
        legacy.callback_query.register(cb_menu_list, F.data == 'menu:list')
        legacy.callback_query.register(cb_menu_manage_group, F.data == 'menu:manage_group')
        self.dp.include_router(legacy)
        for route in ['menu:list','menu:help','menu:open_app','menu:manage_group']:
            with self.subTest(route=route):
                await self.db.conn.execute("UPDATE streamer_community_intents SET status='pending' WHERE intent_id=?", ('a'*32,))
                await self.db.conn.commit()
                await self.state.set_data({'telegram_community_intent': 'a'*32})
                update = self.update()
                update = update.model_copy(update={'callback_query': update.callback_query.model_copy(update={'data': route})})
                with (patch.object(Message, 'answer', new_callable=AsyncMock) as replies,
                      patch.object(Message, 'edit_text', new_callable=AsyncMock),
                      patch.object(CallbackQuery, 'answer', new_callable=AsyncMock)):
                    await self.dp.feed_update(self.bot, update, db=self.db, config=CONFIG)
>               self.assertEqual((await self.db.get_community_intent('a'*32))[6], 'cancelled')
E               AssertionError: 'pending' != 'cancelled'
E               - pending
E               + cancelled

tests\test_telegram_journey_refinement.py:86: AssertionError
_ JourneyCancellationTests.test_primary_entries_cancel_selector_and_restore_native_menu (route='menu:manage_group') _

self = <test_telegram_journey_refinement.JourneyCancellationTests testMethod=test_primary_entries_cancel_selector_and_restore_native_menu>

    async def test_primary_entries_cancel_selector_and_restore_native_menu(self):
        from bot.handlers.streams import cb_menu_list, cb_menu_manage_group
        legacy = Router()
        legacy.callback_query.register(cb_menu_list, F.data == 'menu:list')
        legacy.callback_query.register(cb_menu_manage_group, F.data == 'menu:manage_group')
        self.dp.include_router(legacy)
        for route in ['menu:list','menu:help','menu:open_app','menu:manage_group']:
            with self.subTest(route=route):
                await self.db.conn.execute("UPDATE streamer_community_intents SET status='pending' WHERE intent_id=?", ('a'*32,))
                await self.db.conn.commit()
                await self.state.set_data({'telegram_community_intent': 'a'*32})
                update = self.update()
                update = update.model_copy(update={'callback_query': update.callback_query.model_copy(update={'data': route})})
                with (patch.object(Message, 'answer', new_callable=AsyncMock) as replies,
                      patch.object(Message, 'edit_text', new_callable=AsyncMock),
                      patch.object(CallbackQuery, 'answer', new_callable=AsyncMock)):
                    await self.dp.feed_update(self.bot, update, db=self.db, config=CONFIG)
>               self.assertEqual((await self.db.get_community_intent('a'*32))[6], 'cancelled')
E               AssertionError: 'pending' != 'cancelled'
E               - pending
E               + cancelled

tests\test_telegram_journey_refinement.py:86: AssertionError
=========================== short test summary info ===========================
SUBFAILED(route='menu:list') tests/test_telegram_journey_refinement.py::JourneyCancellationTests::test_primary_entries_cancel_selector_and_restore_native_menu
SUBFAILED(route='menu:help') tests/test_telegram_journey_refinement.py::JourneyCancellationTests::test_primary_entries_cancel_selector_and_restore_native_menu
SUBFAILED(route='menu:open_app') tests/test_telegram_journey_refinement.py::JourneyCancellationTests::test_primary_entries_cancel_selector_and_restore_native_menu
SUBFAILED(route='menu:manage_group') tests/test_telegram_journey_refinement.py::JourneyCancellationTests::test_primary_entries_cancel_selector_and_restore_native_menu
4 failed, 1 passed in 4.41s
