.F                                                                   [100%]
================================== FAILURES ===================================
_ JourneyCancellationTests.test_primary_entries_cancel_selector_and_restore_native_menu (route='menu:list') _

self = <test_telegram_journey_refinement.JourneyCancellationTests testMethod=test_primary_entries_cancel_selector_and_restore_native_menu>

    async def test_primary_entries_cancel_selector_and_restore_native_menu(self):
        from bot.handlers.streams import cb_menu_list, cb_menu_manage_group
        legacy = Router()
        legacy.callback_query.register(cb_menu_list, F.data == 'menu:list')
        legacy.callback_query.register(cb_menu_manage_group, F.data == 'menu:manage_group')
        self.dp.include_router(legacy)
        for route in ['menu:list','menu:help','menu:open_app','menu:manage_group']:
            with self.subTest(route=route):
                await self.db.conn.execute("UPDATE streamer_community_intents SET status='pending' WHERE intent_id=?", ('a'*32,))
                await self.db.conn.commit()
                await self.state.set_data({'telegram_community_intent': 'a'*32})
                update = self.update()
>               update.callback_query.data = route
                ^^^^^^^^^^^^^^^^^^^^^^^^^^

tests\test_telegram_journey_refinement.py:81: 
_ _ _ _ _ _ _ _ _ _ _ _ _ _ _ _ _ _ _ _ _ _ _ _ _ _ _ _ _ _ _ _ _ _ _ _ _ _ _ _
.venv\Lib\site-packages\pydantic\main.py:1048: in __setattr__
    elif (setattr_handler := self._setattr_handler(name, value)) is not None:
                             ^^^^^^^^^^^^^^^^^^^^^^^^^^^^^^^^^^
.venv\Lib\site-packages\pydantic\main.py:1084: in _setattr_handler
    _check_frozen(cls, name, value)
_ _ _ _ _ _ _ _ _ _ _ _ _ _ _ _ _ _ _ _ _ _ _ _ _ _ _ _ _ _ _ _ _ _ _ _ _ _ _ _

model_cls = <class 'aiogram.types.callback_query.CallbackQuery'>, name = 'data'
value = 'menu:list'

    def _check_frozen(model_cls: type[BaseModel], name: str, value: Any) -> None:
        if model_cls.model_config.get('frozen'):
            error_type = 'frozen_instance'
        elif getattr(model_cls.__pydantic_fields__.get(name), 'frozen', False):
            error_type = 'frozen_field'
        else:
            return
    
>       raise ValidationError.from_exception_data(
            model_cls.__name__, [{'type': error_type, 'loc': (name,), 'input': value}]
        )
E       pydantic_core._pydantic_core.ValidationError: 1 validation error for CallbackQuery
E       data
E         Instance is frozen [type=frozen_instance, input_value='menu:list', input_type=str]
E           For further information visit https://errors.pydantic.dev/2.13/v/frozen_instance

.venv\Lib\site-packages\pydantic\main.py:90: ValidationError
_ JourneyCancellationTests.test_primary_entries_cancel_selector_and_restore_native_menu (route='menu:help') _

self = <test_telegram_journey_refinement.JourneyCancellationTests testMethod=test_primary_entries_cancel_selector_and_restore_native_menu>

    async def test_primary_entries_cancel_selector_and_restore_native_menu(self):
        from bot.handlers.streams import cb_menu_list, cb_menu_manage_group
        legacy = Router()
        legacy.callback_query.register(cb_menu_list, F.data == 'menu:list')
        legacy.callback_query.register(cb_menu_manage_group, F.data == 'menu:manage_group')
        self.dp.include_router(legacy)
        for route in ['menu:list','menu:help','menu:open_app','menu:manage_group']:
            with self.subTest(route=route):
                await self.db.conn.execute("UPDATE streamer_community_intents SET status='pending' WHERE intent_id=?", ('a'*32,))
                await self.db.conn.commit()
                await self.state.set_data({'telegram_community_intent': 'a'*32})
                update = self.update()
>               update.callback_query.data = route
                ^^^^^^^^^^^^^^^^^^^^^^^^^^

tests\test_telegram_journey_refinement.py:81: 
_ _ _ _ _ _ _ _ _ _ _ _ _ _ _ _ _ _ _ _ _ _ _ _ _ _ _ _ _ _ _ _ _ _ _ _ _ _ _ _
.venv\Lib\site-packages\pydantic\main.py:1048: in __setattr__
    elif (setattr_handler := self._setattr_handler(name, value)) is not None:
                             ^^^^^^^^^^^^^^^^^^^^^^^^^^^^^^^^^^
.venv\Lib\site-packages\pydantic\main.py:1084: in _setattr_handler
    _check_frozen(cls, name, value)
_ _ _ _ _ _ _ _ _ _ _ _ _ _ _ _ _ _ _ _ _ _ _ _ _ _ _ _ _ _ _ _ _ _ _ _ _ _ _ _

model_cls = <class 'aiogram.types.callback_query.CallbackQuery'>, name = 'data'
value = 'menu:help'

    def _check_frozen(model_cls: type[BaseModel], name: str, value: Any) -> None:
        if model_cls.model_config.get('frozen'):
            error_type = 'frozen_instance'
        elif getattr(model_cls.__pydantic_fields__.get(name), 'frozen', False):
            error_type = 'frozen_field'
        else:
            return
    
>       raise ValidationError.from_exception_data(
            model_cls.__name__, [{'type': error_type, 'loc': (name,), 'input': value}]
        )
E       pydantic_core._pydantic_core.ValidationError: 1 validation error for CallbackQuery
E       data
E         Instance is frozen [type=frozen_instance, input_value='menu:help', input_type=str]
E           For further information visit https://errors.pydantic.dev/2.13/v/frozen_instance

.venv\Lib\site-packages\pydantic\main.py:90: ValidationError
_ JourneyCancellationTests.test_primary_entries_cancel_selector_and_restore_native_menu (route='menu:open_app') _

self = <test_telegram_journey_refinement.JourneyCancellationTests testMethod=test_primary_entries_cancel_selector_and_restore_native_menu>

    async def test_primary_entries_cancel_selector_and_restore_native_menu(self):
        from bot.handlers.streams import cb_menu_list, cb_menu_manage_group
        legacy = Router()
        legacy.callback_query.register(cb_menu_list, F.data == 'menu:list')
        legacy.callback_query.register(cb_menu_manage_group, F.data == 'menu:manage_group')
        self.dp.include_router(legacy)
        for route in ['menu:list','menu:help','menu:open_app','menu:manage_group']:
            with self.subTest(route=route):
                await self.db.conn.execute("UPDATE streamer_community_intents SET status='pending' WHERE intent_id=?", ('a'*32,))
                await self.db.conn.commit()
                await self.state.set_data({'telegram_community_intent': 'a'*32})
                update = self.update()
>               update.callback_query.data = route
                ^^^^^^^^^^^^^^^^^^^^^^^^^^

tests\test_telegram_journey_refinement.py:81: 
_ _ _ _ _ _ _ _ _ _ _ _ _ _ _ _ _ _ _ _ _ _ _ _ _ _ _ _ _ _ _ _ _ _ _ _ _ _ _ _
.venv\Lib\site-packages\pydantic\main.py:1048: in __setattr__
    elif (setattr_handler := self._setattr_handler(name, value)) is not None:
                             ^^^^^^^^^^^^^^^^^^^^^^^^^^^^^^^^^^
.venv\Lib\site-packages\pydantic\main.py:1084: in _setattr_handler
    _check_frozen(cls, name, value)
_ _ _ _ _ _ _ _ _ _ _ _ _ _ _ _ _ _ _ _ _ _ _ _ _ _ _ _ _ _ _ _ _ _ _ _ _ _ _ _

model_cls = <class 'aiogram.types.callback_query.CallbackQuery'>, name = 'data'
value = 'menu:open_app'

    def _check_frozen(model_cls: type[BaseModel], name: str, value: Any) -> None:
        if model_cls.model_config.get('frozen'):
            error_type = 'frozen_instance'
        elif getattr(model_cls.__pydantic_fields__.get(name), 'frozen', False):
            error_type = 'frozen_field'
        else:
            return
    
>       raise ValidationError.from_exception_data(
            model_cls.__name__, [{'type': error_type, 'loc': (name,), 'input': value}]
        )
E       pydantic_core._pydantic_core.ValidationError: 1 validation error for CallbackQuery
E       data
E         Instance is frozen [type=frozen_instance, input_value='menu:open_app', input_type=str]
E           For further information visit https://errors.pydantic.dev/2.13/v/frozen_instance

.venv\Lib\site-packages\pydantic\main.py:90: ValidationError
_ JourneyCancellationTests.test_primary_entries_cancel_selector_and_restore_native_menu (route='menu:manage_group') _

self = <test_telegram_journey_refinement.JourneyCancellationTests testMethod=test_primary_entries_cancel_selector_and_restore_native_menu>

    async def test_primary_entries_cancel_selector_and_restore_native_menu(self):
        from bot.handlers.streams import cb_menu_list, cb_menu_manage_group
        legacy = Router()
        legacy.callback_query.register(cb_menu_list, F.data == 'menu:list')
        legacy.callback_query.register(cb_menu_manage_group, F.data == 'menu:manage_group')
        self.dp.include_router(legacy)
        for route in ['menu:list','menu:help','menu:open_app','menu:manage_group']:
            with self.subTest(route=route):
                await self.db.conn.execute("UPDATE streamer_community_intents SET status='pending' WHERE intent_id=?", ('a'*32,))
                await self.db.conn.commit()
                await self.state.set_data({'telegram_community_intent': 'a'*32})
                update = self.update()
>               update.callback_query.data = route
                ^^^^^^^^^^^^^^^^^^^^^^^^^^

tests\test_telegram_journey_refinement.py:81: 
_ _ _ _ _ _ _ _ _ _ _ _ _ _ _ _ _ _ _ _ _ _ _ _ _ _ _ _ _ _ _ _ _ _ _ _ _ _ _ _
.venv\Lib\site-packages\pydantic\main.py:1048: in __setattr__
    elif (setattr_handler := self._setattr_handler(name, value)) is not None:
                             ^^^^^^^^^^^^^^^^^^^^^^^^^^^^^^^^^^
.venv\Lib\site-packages\pydantic\main.py:1084: in _setattr_handler
    _check_frozen(cls, name, value)
_ _ _ _ _ _ _ _ _ _ _ _ _ _ _ _ _ _ _ _ _ _ _ _ _ _ _ _ _ _ _ _ _ _ _ _ _ _ _ _

model_cls = <class 'aiogram.types.callback_query.CallbackQuery'>, name = 'data'
value = 'menu:manage_group'

    def _check_frozen(model_cls: type[BaseModel], name: str, value: Any) -> None:
        if model_cls.model_config.get('frozen'):
            error_type = 'frozen_instance'
        elif getattr(model_cls.__pydantic_fields__.get(name), 'frozen', False):
            error_type = 'frozen_field'
        else:
            return
    
>       raise ValidationError.from_exception_data(
            model_cls.__name__, [{'type': error_type, 'loc': (name,), 'input': value}]
        )
E       pydantic_core._pydantic_core.ValidationError: 1 validation error for CallbackQuery
E       data
E         Instance is frozen [type=frozen_instance, input_value='menu:manage_group', input_type=str]
E           For further information visit https://errors.pydantic.dev/2.13/v/frozen_instance

.venv\Lib\site-packages\pydantic\main.py:90: ValidationError
_ TariffOriginTests.test_streamer_offer_secondary_payment_and_back_keep_source_and_product _

self = <test_telegram_journey_refinement.TariffOriginTests testMethod=test_streamer_offer_secondary_payment_and_back_keep_source_and_product>

    async def test_streamer_offer_secondary_payment_and_back_keep_source_and_product(self):
        from bot.handlers.telegram_streamer import cb_streamer
        from bot.handlers.telegram_plus import cb_plus, cb_buy, cb_payment_method
        from bot.billing import BillingService
        db = Database(':memory:')
        await db.connect()
        self.addAsyncCleanup(db.close)
        await db.link_streamer_identity(101, '11', 'alpha', verified_at=time.time())
        state = FSMContext(MemoryStorage(), StorageKey(bot_id=999, chat_id=101, user_id=101))
        msg = message()
        cb = SimpleNamespace(data='menu:streamer', message=msg, from_user=msg.from_user, answer=AsyncMock())
        buttons = lambda: [b for row in msg.edit_text.await_args.kwargs['reply_markup'].inline_keyboard for b in row]
        await cb_streamer(cb, db, CONFIG)
        cb.data = next(b.callback_data for b in buttons() if b.text == 'Тариф для стримера')
        await cb_plus(cb, state, db, CONFIG)
>       self.assertEqual(buttons()[-1].callback_data, 'menu:streamer')
E       AssertionError: 'menu:more' != 'menu:streamer'
E       - menu:more
E       + menu:streamer

tests\test_telegram_journey_refinement.py:107: AssertionError
=========================== short test summary info ===========================
SUBFAILED(route='menu:list') tests/test_telegram_journey_refinement.py::JourneyCancellationTests::test_primary_entries_cancel_selector_and_restore_native_menu
SUBFAILED(route='menu:help') tests/test_telegram_journey_refinement.py::JourneyCancellationTests::test_primary_entries_cancel_selector_and_restore_native_menu
SUBFAILED(route='menu:open_app') tests/test_telegram_journey_refinement.py::JourneyCancellationTests::test_primary_entries_cancel_selector_and_restore_native_menu
SUBFAILED(route='menu:manage_group') tests/test_telegram_journey_refinement.py::JourneyCancellationTests::test_primary_entries_cancel_selector_and_restore_native_menu
FAILED tests/test_telegram_journey_refinement.py::TariffOriginTests::test_streamer_offer_secondary_payment_and_back_keep_source_and_product
5 failed, 1 passed in 4.95s
