FF                                                                       [100%]
================================== FAILURES ===================================
____ NavigationTests.test_more_contains_six_sections_and_owner_admin_only _____

self = <test_telegram_navigation.NavigationTests testMethod=test_more_contains_six_sections_and_owner_admin_only>

    async def test_more_contains_six_sections_and_owner_admin_only(self):
        from bot.handlers.navigation import cb_more
        for actor, kind, chat in ((101,'private',101),(202,'private',202),(101,'supergroup',-5)):
            msg = message(actor, chat, kind)
            callback = SimpleNamespace(message=msg, from_user=msg.from_user, answer=AsyncMock())
            await cb_more(callback, CONFIG)
            call = msg.edit_text.await_args
            self.assertEqual(call.args[0], 'Åù¸')
            buttons = [b for r in call.kwargs['reply_markup'].inline_keyboard for b in r]
            actions = {b.callback_data for b in buttons}
>           self.assertEqual(actions - {None}, {'menu:list','menu:report','menu:quiet_hours',
                             'menu:manage_group','menu:plus','menu:help','menu:home'})
E           AssertionError: Items in the first set but not the second:
E           'menu:about'
E           'menu:live'

tests\test_telegram_navigation.py:77: AssertionError
_ NativeListTests.test_old_card_cannot_read_other_private_user_even_with_fake_member_status _

self = <test_telegram_journey_refinement.NativeListTests testMethod=test_old_card_cannot_read_other_private_user_even_with_fake_member_status>

    async def test_old_card_cannot_read_other_private_user_even_with_fake_member_status(self):
        from bot.handlers.streams import cb_channel_card
        for actor, login in [(101,'alpha'),(202,'secret')]:
            await self.db.add_channel(actor, login)
        for data, actor in [('channelcard:101:alpha',202),('channelcard:202:secret',101)]:
            await cb_channel_card(self.cb(data,actor), self.db)
>       self.msg.edit_text.assert_not_awaited()

tests\test_telegram_journey_refinement.py:221: 
_ _ _ _ _ _ _ _ _ _ _ _ _ _ _ _ _ _ _ _ _ _ _ _ _ _ _ _ _ _ _ _ _ _ _ _ _ _ _ _

self = <AsyncMock id='2679738530128'>

    def assert_not_awaited(self):
        """
        Assert that the mock was never awaited.
        """
        if self.await_count != 0:
            msg = (f"Expected {self._mock_name or 'mock'} to not have been awaited."
                   f" Awaited {self.await_count} times.")
>           raise AssertionError(msg)
E           AssertionError: Expected mock to not have been awaited. Awaited 2 times.

..\..\..\AppData\Local\Programs\Python\Python312\Lib\unittest\mock.py:2429: AssertionError
=========================== short test summary info ===========================
FAILED tests/test_telegram_navigation.py::NavigationTests::test_more_contains_six_sections_and_owner_admin_only
FAILED tests/test_telegram_journey_refinement.py::NativeListTests::test_old_card_cannot_read_other_private_user_even_with_fake_member_status
2 failed in 4.21s
