Staging target проверен; commit=1c49330e773d
.......................................................... [  3%]
................................................. [  6%]
....................................... [  8%]
.............................................................. [ 12%]
...................................................................... [ 16%]
................................................................ [ 20%]
............................................. [ 23%]
.................................................................... [ 27%]
...................................................................................... [ 32%]
s............................................................................................. [ 38%]
..........................................................................s...................................................................... [ 47%]
........................................................................ [ 51%]
........................................................................... [ 56%]
.................................................. [ 59%]
...................................................... [ 62%]
......................................................................................................................................... [ 70%]
.................................................................... [ 74%]
..................................................... [ 78%]
........................................................................ [ 82%]
........................................................................................................................... [ 89%]
.................................................................. [ 93%]
................................................... [ 97%]
.................................................          [100%]
1648 passed, 2 skipped, 3741 subtests passed in 1137.31s (0:18:57)
Runtime package: commit=1c49330e773ded22d47a185866dd3921b1e00806; files=164; bytes=9584073; manifest=57a0472d07c31f73c3097e3686ca1395a0f6d017056fe872ab1a89b02cac7bad
Indexing...
Uploading...
  Deployment: https://railway.com/project/14282646-e318-4b80-b35d-4369270de255/service/45e46f2a-dba3-4b18-bc5f-b6fafa260055?id=b3d8be15-0b6a-4b03-a131-b339e7e78917
warning: Config as Code (railway.json / railway.toml) is deprecated. Prefer Infrastructure as Code (.railway/railway.ts). Run `railway config migrate` or see https://docs.railway.com/infrastructure-as-code#migrating-from-config-as-code
  в†’ Migrate: `railway config migrate` вЂ” https://docs.railway.com/infrastructure-as-code#migrating-from-config-as-code
  Existing files keep working until 2026-12-01.
Staging deployment b3d8be15-0b6a-4b03-a131-b339e7e78917: BUILDING
Staging deployment b3d8be15-0b6a-4b03-a131-b339e7e78917: DEPLOYING
Staging deployment b3d8be15-0b6a-4b03-a131-b339e7e78917: SUCCESS
Staging deploy подтверждён: b3d8be15-0b6a-4b03-a131-b339e7e78917
