.......................................................... [  3%]
................................................. [  6%]
....................................... [  9%]
.............................................................. [ 13%]
...................................................................... [ 17%]
............................................................................................................. [ 24%]
.................................................................... [ 28%]
.....................................................................................s [ 34%]
.............................................................................................. [ 40%]
.................................................................... [ 44%]
.....s....................................................................... [ 49%]
................................................................................................................................................... [ 58%]
............................................... [ 61%]
...................................................................... [ 65%]
................................................................. [ 70%]
........................................................................ [ 74%]
......................................................................................................................... [ 82%]
........................................................................................................................... [ 89%]
.................................................................. [ 94%]
................................................... [ 97%]
..........................................                 [100%]
1582 passed, 2 skipped, 3656 subtests passed in 1085.49s (0:18:05)
