FFFF                                                                     [100%]
================================== FAILURES ===================================
_ MiniAppViewerTests.test_concurrent_identical_negative_lookup_is_shared_and_cached _

self = <test_mini_app_viewer.MiniAppViewerTests testMethod=test_concurrent_identical_negative_lookup_is_shared_and_cached>

    async def test_concurrent_identical_negative_lookup_is_shared_and_cached(self):
        async def missing(login):
            await asyncio.sleep(.05)
            return False
        self.twitch.channel_exists = AsyncMock(side_effect=missing)
        async def follow(actor):
            async with self.request('follow', actor_id=actor, login='missing') as response:
                return response.status
        self.assertEqual(await asyncio.gather(*(follow(300+i) for i in range(6))), [404]*6)
>       self.assertEqual(self.twitch.channel_exists.await_count, 1)
E       AssertionError: 6 != 1

tests\test_mini_app_viewer.py:181: AssertionError
_______ MiniAppViewerTests.test_follow_burst_has_user_and_global_bounds _______

self = <test_mini_app_viewer.MiniAppViewerTests testMethod=test_follow_burst_has_user_and_global_bounds>

    async def test_follow_burst_has_user_and_global_bounds(self):
        self.twitch.channel_exists = AsyncMock(return_value=False)
        for index in range(20):
            async with self.request('follow', login=f'unknown{index}') as response:
>               self.assertEqual(response.status, 404 if index < 6 else 429)
E               AssertionError: 404 != 429

tests\test_mini_app_viewer.py:165: AssertionError
__ MiniAppViewerTests.test_follow_gate_does_not_replace_shared_twitch_client __

self = <test_mini_app_viewer.MiniAppViewerTests testMethod=test_follow_gate_does_not_replace_shared_twitch_client>

    async def test_follow_gate_does_not_replace_shared_twitch_client(self):
        self.twitch.channel_exists = AsyncMock(return_value=False)
        for index in range(7):
            async with self.request('follow', login=f'unknown{index}') as response:
                await response.read()
        # A poller-side call uses the unchanged client, outside the route's gate.
        self.assertFalse(await self.twitch.channel_exists('pollerlogin'))
>       self.assertEqual(self.twitch.channel_exists.await_count, 7)
E       AssertionError: 8 != 7

tests\test_mini_app_viewer.py:192: AssertionError
_____ MiniAppViewerTests.test_full_list_never_spends_twitch_lookup_budget _____

self = <test_mini_app_viewer.MiniAppViewerTests testMethod=test_full_list_never_spends_twitch_lookup_budget>

    async def test_full_list_never_spends_twitch_lookup_budget(self):
        for index in range(50):
            await self.db.add_channel(101, f'full{index:02}')
        self.twitch.channel_exists = AsyncMock(return_value=True)
        async with self.request('follow', login='alpha') as response:
            self.assertEqual(response.status, 409)
>       self.twitch.channel_exists.assert_not_awaited()

tests\test_mini_app_viewer.py:159: 
_ _ _ _ _ _ _ _ _ _ _ _ _ _ _ _ _ _ _ _ _ _ _ _ _ _ _ _ _ _ _ _ _ _ _ _ _ _ _ _

self = <AsyncMock id='1907120824896'>

    def assert_not_awaited(self):
        """
        Assert that the mock was never awaited.
        """
        if self.await_count != 0:
            msg = (f"Expected {self._mock_name or 'mock'} to not have been awaited."
                   f" Awaited {self.await_count} times.")
>           raise AssertionError(msg)
E           AssertionError: Expected mock to not have been awaited. Awaited 1 times.

..\..\..\AppData\Local\Programs\Python\Python312\Lib\unittest\mock.py:2429: AssertionError
=========================== short test summary info ===========================
FAILED tests/test_mini_app_viewer.py::MiniAppViewerTests::test_concurrent_identical_negative_lookup_is_shared_and_cached
FAILED tests/test_mini_app_viewer.py::MiniAppViewerTests::test_follow_burst_has_user_and_global_bounds
FAILED tests/test_mini_app_viewer.py::MiniAppViewerTests::test_follow_gate_does_not_replace_shared_twitch_client
FAILED tests/test_mini_app_viewer.py::MiniAppViewerTests::test_full_list_never_spends_twitch_lookup_budget
4 failed, 9 deselected in 7.06s
