Staging target проверен; commit=00c6093d87d1
.......................................................... [  3%]
................................................. [  6%]
....................................... [  9%]
.............................................................. [ 13%]
............................................................................................................ [ 20%]
..................... [ 21%]
...................................................... [ 25%]
..... [ 25%]
................................................................... [ 30%]
....................................................................s.............. [ 35%]
................................................................................................. [ 41%]
........................................................s........................................................................................ [ 51%]
................................................................ [ 55%]
.......................................................................... [ 60%]
...................................................... [ 63%]
......................................................................................................................................... [ 72%]
.................................................................... [ 76%]
..................................................... [ 80%]
................................................................................................................................... [ 88%]
.................................................................... [ 93%]
..........................................................................................................    [100%]
1541 passed, 2 skipped, 3638 subtests passed in 1268.11s (0:21:08)
Verified upload package: 671 files / 16081745 bytes
Indexing...
Uploading...
  Deployment: https://railway.com/project/14282646-e318-4b80-b35d-4369270de255/service/45e46f2a-dba3-4b18-bc5f-b6fafa260055?id=603eeb44-0bca-4a28-a1e1-4d365b5db377
warning: Config as Code (railway.json / railway.toml) is deprecated. Prefer Infrastructure as Code (.railway/railway.ts). Run `railway config migrate` or see https://docs.railway.com/infrastructure-as-code#migrating-from-config-as-code
  → Migrate: `railway config migrate` — https://docs.railway.com/infrastructure-as-code#migrating-from-config-as-code
  Existing files keep working until 2026-12-01.
Staging deployment 603eeb44-0bca-4a28-a1e1-4d365b5db377: BUILDING
Staging deployment 603eeb44-0bca-4a28-a1e1-4d365b5db377: DEPLOYING
Staging deployment 603eeb44-0bca-4a28-a1e1-4d365b5db377: SUCCESS
Staging deploy подтверждён: 603eeb44-0bca-4a28-a1e1-4d365b5db377
