F                                                                        [100%]
================================== FAILURES ===================================
_ NativeListTests.test_expired_confirmation_after_permission_wait_never_deletes _

self = <test_telegram_journey_refinement.NativeListTests testMethod=test_expired_confirmation_after_permission_wait_never_deletes>

    async def test_expired_confirmation_after_permission_wait_never_deletes(self):
        from bot.handlers.streams import cb_untrack
        from bot.telegram_lists import cb_delete_confirm
        await self.db.add_channel(-1001, 'alpha')
        await cb_untrack(self.cb('untrack:-1001:alpha'), self.db)
        choice = next(b.callback_data for b in self.buttons() if b.text == 'Удалить alpha')
        entered, release = asyncio.Event(), asyncio.Event()
        async def delayed_permission(*args, **kwargs):
            entered.set()
            await release.wait()
            return SimpleNamespace(status='administrator')
        self.msg.bot.get_chat_member.side_effect = delayed_permission
        task = asyncio.create_task(cb_delete_confirm(self.cb(choice), self.db))
        await entered.wait()
        with patch('bot.telegram_lists.time', SimpleNamespace(monotonic=lambda: time.monotonic()+601)):
            release.set()
            await task
>       self.assertEqual(await self.db.list_channels(-1001), ['alpha'])
E       AssertionError: Lists differ: [] != ['alpha']
E       
E       Second list contains 1 additional elements.
E       First extra element 0:
E       'alpha'
E       
E       - []
E       + ['alpha']

tests\test_telegram_journey_refinement.py:284: AssertionError
=========================== short test summary info ===========================
FAILED tests/test_telegram_journey_refinement.py::NativeListTests::test_expired_confirmation_after_permission_wait_never_deletes
1 failed, 15 deselected in 3.99s
