FFFFFF                                                                   [100%]
================================== FAILURES ===================================
____ TelegramAddTests.test_confirm_checks_atomic_current_limit_50_and_200 _____
tests\test_telegram_add.py:81: in test_confirm_checks_atomic_current_limit_50_and_200
    from bot.handlers.telegram_add import cb_confirm_add
E   ModuleNotFoundError: No module named 'bot.handlers.telegram_add'
_ TelegramAddTests.test_duplicate_and_old_addfound_still_work_without_new_draft _
tests\test_telegram_add.py:98: in test_duplicate_and_old_addfound_still_work_without_new_draft
    await self.db.add_channel(101,'alpha'); await self.begin();self.msg.text='alpha'
                                            ^^^^^^^^^^^^^^^^^^
tests\test_telegram_add.py:32: in begin
    self.assertEqual(self.msg.edit_text.await_args.args[0],'Пришли ник или ссылку Twitch.')
E   AssertionError: 'Напиши логин Twitch-канала (например: dob[58 chars]нты.' != 'Пришли ник или ссылку Twitch.'
E   - Напиши логин Twitch-канала (например: dobriy_yura) или просто имя канала — я поищу и предложу варианты.
E   + Пришли ник или ссылку Twitch.
_ TelegramAddTests.test_found_streamer_is_not_added_until_confirm_then_short_result _
tests\test_telegram_add.py:43: in test_found_streamer_is_not_added_until_confirm_then_short_result
    from bot.handlers.telegram_add import cb_confirm_add
E   ModuleNotFoundError: No module named 'bot.handlers.telegram_add'
__ TelegramAddTests.test_menu_during_lookup_does_not_resurrect_draft_or_add ___
tests\test_telegram_add.py:68: in test_menu_during_lookup_does_not_resurrect_draft_or_add
    await self.begin(); self.msg.text='alpha'
    ^^^^^^^^^^^^^^^^^^
tests\test_telegram_add.py:32: in begin
    self.assertEqual(self.msg.edit_text.await_args.args[0],'Пришли ник или ссылку Twitch.')
E   AssertionError: 'Напиши логин Twitch-канала (например: dob[58 chars]нты.' != 'Пришли ник или ссылку Twitch.'
E   - Напиши логин Twitch-канала (например: dobriy_yura) или просто имя канала — я поищу и предложу варианты.
E   + Пришли ник или ссылку Twitch.
_ TelegramAddTests.test_twitch_url_parser_accepts_real_links_rejects_foreign_host_and_paths _
tests\test_telegram_add.py:107: in test_twitch_url_parser_accepts_real_links_rejects_foreign_host_and_paths
    self.assertEqual(_extract_login_text(text),'alpha')
E   AssertionError: None != 'alpha'
_ TelegramAddTests.test_wrong_actor_cancelled_and_expired_confirmation_never_adds _
tests\test_telegram_add.py:55: in test_wrong_actor_cancelled_and_expired_confirmation_never_adds
    from bot.handlers.telegram_add import cb_confirm_add
E   ModuleNotFoundError: No module named 'bot.handlers.telegram_add'
=========================== short test summary info ===========================
FAILED tests/test_telegram_add.py::TelegramAddTests::test_confirm_checks_atomic_current_limit_50_and_200
FAILED tests/test_telegram_add.py::TelegramAddTests::test_duplicate_and_old_addfound_still_work_without_new_draft
FAILED tests/test_telegram_add.py::TelegramAddTests::test_found_streamer_is_not_added_until_confirm_then_short_result
FAILED tests/test_telegram_add.py::TelegramAddTests::test_menu_during_lookup_does_not_resurrect_draft_or_add
FAILED tests/test_telegram_add.py::TelegramAddTests::test_twitch_url_parser_accepts_real_links_rejects_foreign_host_and_paths
FAILED tests/test_telegram_add.py::TelegramAddTests::test_wrong_actor_cancelled_and_expired_confirmation_never_adds
6 failed in 15.05s
