.......................................................... [  3%]
................................................. [  7%]
....................................... [  9%]
.............................................................. [ 14%]
........................................................................................................... [ 21%]
............................................................................................... [ 28%]
........................................................... [ 32%]
............................. [ 34%]
...s.................................. [ 36%]
...................................................... [ 40%]
............................................................................s...................... [ 47%]
.............................................. [ 50%]
........................................................................ [ 55%]
........................................................................... [ 60%]
............................................... [ 63%]
...................................................................... [ 68%]
................................................................. [ 72%]
........................................................................ [ 77%]
....................................................... [ 81%]
.................................................................. [ 85%]
................................. [ 88%]
..............................................................................................................................................................................                                  [100%]
============================== warnings summary ===============================
.venv\Lib\site-packages\_pytest\cacheprovider.py:469
  C:\Users\yusha\Desktop\cloude\TG-BOT.(TwtichSignal)\.venv\Lib\site-packages\_pytest\cacheprovider.py:469: PytestCacheWarning: cache could not write path C:\Users\yusha\Desktop\cloude\TG-BOT.(TwtichSignal)\.pytest_cache\v\cache\nodeids: [Errno 13] Permission denied: 'C:\\Users\\yusha\\Desktop\\cloude\\TG-BOT.(TwtichSignal)\\.pytest_cache\\v\\cache\\nodeids'
    config.cache.set("cache/nodeids", sorted(self.cached_nodeids))

-- Docs: https://docs.pytest.org/en/stable/how-to/capture-warnings.html
1462 passed, 2 skipped, 1 warning, 3255 subtests passed in 942.07s (0:15:42)
