.......................................................... [  3%]
................................................. [  7%]
....................................... [  9%]
.............................................................. [ 14%]
........................................................................................................... [ 21%]
............................................................................................... [ 28%]
........................................................... [ 32%]
............................. [ 34%]
...s.................................. [ 36%]
...................................................... [ 40%]
............................................................................s...................... [ 47%]
.............................................. [ 50%]
........................................................................ [ 55%]
........................................................................... [ 60%]
............................................... [ 63%]
...................................................................... [ 68%]
................................................................. [ 72%]
........................................................................ [ 77%]
....................................................... [ 81%]
.................................................................. [ 85%]
................................. [ 88%]
..............................................................................................................................................................................                                  [100%]
1462 passed, 2 skipped, 3255 subtests passed in 962.25s (0:16:02)
Indexing...
Uploading...
  Deployment: https://railway.com/project/14282646-e318-4b80-b35d-4369270de255/service/45e46f2a-dba3-4b18-bc5f-b6fafa260055?id=f48e90a5-31ec-4981-afe3-1b0e198cc262
warning: Config as Code (railway.json / railway.toml) is deprecated. Prefer Infrastructure as Code (.railway/railway.ts). Run `railway config migrate` or see https://docs.railway.com/infrastructure-as-code#migrating-from-config-as-code
  → Migrate: `railway config migrate` — https://docs.railway.com/infrastructure-as-code#migrating-from-config-as-code
  Existing files keep working until 2026-12-01.
Staging target проверен; commit=bd2534dcb927
Staging deployment f48e90a5-31ec-4981-afe3-1b0e198cc262: INITIALIZING
Staging deployment f48e90a5-31ec-4981-afe3-1b0e198cc262: BUILDING
Staging deployment f48e90a5-31ec-4981-afe3-1b0e198cc262: DEPLOYING
Staging deployment f48e90a5-31ec-4981-afe3-1b0e198cc262: SUCCESS
Staging deploy подтверждён: f48e90a5-31ec-4981-afe3-1b0e198cc262
